// Jest Snapshot v1, https://goo.gl/fbAQLP

exports[`Records section component snapshot matching 1`] = `
<body>
  <div>
    <div
      class="css-zeiouw"
    >
      <div
        class="css-1caytb6"
      >
        <h3
          class="css-1xqtn9i"
        >
          Records
        </h3>
        <button
          class="MuiButtonBase-root MuiIconButton-root MuiIconButton-sizeSmall css-1ht6x5l-MuiButtonBase-root-MuiIconButton-root"
          data-modal="data-delete"
          tabindex="0"
          type="button"
        >
          <svg
            aria-hidden="true"
            class="MuiSvgIcon-root MuiSvgIcon-fontSizeMedium css-i4bv87-MuiSvgIcon-root"
            data-testid="DeleteForeverRoundedIcon"
            focusable="false"
            viewBox="0 0 24 24"
          >
            <path
              d="M6 19c0 1.1.9 2 2 2h8c1.1 0 2-.9 2-2V7H6v12zm3.17-6.41a.9959.9959 0 0 1 0-1.41c.39-.39 1.02-.39 1.41 0L12 12.59l1.41-1.41c.39-.39 1.02-.39 1.41 0s.39 1.02 0 1.41L13.41 14l1.41 1.41c.39.39.39 1.02 0 1.41s-1.02.39-1.41 0L12 15.41l-1.41 1.41c-.39.39-1.02.39-1.41 0a.9959.9959 0 0 1 0-1.41L10.59 14l-1.42-1.41zM18 4h-2.5l-.71-.71c-.18-.18-.44-.29-.7-.29H9.91c-.26 0-.52.11-.7.29L8.5 4H6c-.55 0-1 .45-1 1s.45 1 1 1h12c.55 0 1-.45 1-1s-.45-1-1-1z"
            />
          </svg>
          <span
            class="MuiTouchRipple-root css-8je8zh-MuiTouchRipple-root"
          />
        </button>
      </div>
      <div
        class="css-1gk4ta0"
      >
        <div
          class="css-u5hrl4"
        >
          <div
            class="css-1mavqmw"
            draggable="true"
            style="background-color: inherit;"
          >
            <p>
              income
               from 
            </p>
            <div
              class="css-1ub4dmn-MuiStack-root"
            >
              <span
                class="css-81iyw9"
                color="income"
              >
                +$2,354.00
              </span>
              <button
                class="MuiButtonBase-root Mui-disabled MuiIconButton-root Mui-disabled MuiIconButton-sizeSmall css-1pe4mpk-MuiButtonBase-root-MuiIconButton-root"
                disabled=""
                tabindex="-1"
                type="button"
              >
                <svg
                  aria-hidden="true"
                  class="MuiSvgIcon-root MuiSvgIcon-fontSizeMedium css-i4bv87-MuiSvgIcon-root"
                  data-testid="EditRoundedIcon"
                  focusable="false"
                  viewBox="0 0 24 24"
                >
                  <path
                    d="M3 17.46v3.04c0 .28.22.5.5.5h3.04c.13 0 .26-.05.35-.15L17.81 9.94l-3.75-3.75L3.15 17.1c-.1.1-.15.22-.15.36zM20.71 7.04c.39-.39.39-1.02 0-1.41l-2.34-2.34a.9959.9959 0 0 0-1.41 0l-1.83 1.83 3.75 3.75 1.83-1.83z"
                  />
                </svg>
              </button>
              <button
                class="MuiButtonBase-root MuiIconButton-root MuiIconButton-sizeSmall css-npdkjk-MuiButtonBase-root-MuiIconButton-root"
                tabindex="0"
                type="button"
              >
                <svg
                  aria-hidden="true"
                  class="MuiSvgIcon-root MuiSvgIcon-fontSizeMedium css-i4bv87-MuiSvgIcon-root"
                  data-testid="DeleteForeverRoundedIcon"
                  focusable="false"
                  viewBox="0 0 24 24"
                >
                  <path
                    d="M6 19c0 1.1.9 2 2 2h8c1.1 0 2-.9 2-2V7H6v12zm3.17-6.41a.9959.9959 0 0 1 0-1.41c.39-.39 1.02-.39 1.41 0L12 12.59l1.41-1.41c.39-.39 1.02-.39 1.41 0s.39 1.02 0 1.41L13.41 14l1.41 1.41c.39.39.39 1.02 0 1.41s-1.02.39-1.41 0L12 15.41l-1.41 1.41c-.39.39-1.02.39-1.41 0a.9959.9959 0 0 1 0-1.41L10.59 14l-1.42-1.41zM18 4h-2.5l-.71-.71c-.18-.18-.44-.29-.7-.29H9.91c-.26 0-.52.11-.7.29L8.5 4H6c-.55 0-1 .45-1 1s.45 1 1 1h12c.55 0 1-.45 1-1s-.45-1-1-1z"
                  />
                </svg>
                <span
                  class="MuiTouchRipple-root css-8je8zh-MuiTouchRipple-root"
                />
              </button>
            </div>
          </div>
          <div
            class="css-1mavqmw"
            draggable="true"
            style="background-color: inherit;"
          >
            <p>
              income
               from 
            </p>
            <div
              class="css-1ub4dmn-MuiStack-root"
            >
              <span
                class="css-81iyw9"
                color="income"
              >
                +$836.00
              </span>
              <button
                class="MuiButtonBase-root Mui-disabled MuiIconButton-root Mui-disabled MuiIconButton-sizeSmall css-1pe4mpk-MuiButtonBase-root-MuiIconButton-root"
                disabled=""
                tabindex="-1"
                type="button"
              >
                <svg
                  aria-hidden="true"
                  class="MuiSvgIcon-root MuiSvgIcon-fontSizeMedium css-i4bv87-MuiSvgIcon-root"
                  data-testid="EditRoundedIcon"
                  focusable="false"
                  viewBox="0 0 24 24"
                >
                  <path
                    d="M3 17.46v3.04c0 .28.22.5.5.5h3.04c.13 0 .26-.05.35-.15L17.81 9.94l-3.75-3.75L3.15 17.1c-.1.1-.15.22-.15.36zM20.71 7.04c.39-.39.39-1.02 0-1.41l-2.34-2.34a.9959.9959 0 0 0-1.41 0l-1.83 1.83 3.75 3.75 1.83-1.83z"
                  />
                </svg>
              </button>
              <button
                class="MuiButtonBase-root MuiIconButton-root MuiIconButton-sizeSmall css-npdkjk-MuiButtonBase-root-MuiIconButton-root"
                tabindex="0"
                type="button"
              >
                <svg
                  aria-hidden="true"
                  class="MuiSvgIcon-root MuiSvgIcon-fontSizeMedium css-i4bv87-MuiSvgIcon-root"
                  data-testid="DeleteForeverRoundedIcon"
                  focusable="false"
                  viewBox="0 0 24 24"
                >
                  <path
                    d="M6 19c0 1.1.9 2 2 2h8c1.1 0 2-.9 2-2V7H6v12zm3.17-6.41a.9959.9959 0 0 1 0-1.41c.39-.39 1.02-.39 1.41 0L12 12.59l1.41-1.41c.39-.39 1.02-.39 1.41 0s.39 1.02 0 1.41L13.41 14l1.41 1.41c.39.39.39 1.02 0 1.41s-1.02.39-1.41 0L12 15.41l-1.41 1.41c-.39.39-1.02.39-1.41 0a.9959.9959 0 0 1 0-1.41L10.59 14l-1.42-1.41zM18 4h-2.5l-.71-.71c-.18-.18-.44-.29-.7-.29H9.91c-.26 0-.52.11-.7.29L8.5 4H6c-.55 0-1 .45-1 1s.45 1 1 1h12c.55 0 1-.45 1-1s-.45-1-1-1z"
                  />
                </svg>
                <span
                  class="MuiTouchRipple-root css-8je8zh-MuiTouchRipple-root"
                />
              </button>
            </div>
          </div>
          <div
            class="css-1mavqmw"
            draggable="true"
            style="background-color: inherit;"
          >
            <p>
              income
               from 
            </p>
            <div
              class="css-1ub4dmn-MuiStack-root"
            >
              <span
                class="css-81iyw9"
                color="income"
              >
                +$2,454.00
              </span>
              <button
                class="MuiButtonBase-root Mui-disabled MuiIconButton-root Mui-disabled MuiIconButton-sizeSmall css-1pe4mpk-MuiButtonBase-root-MuiIconButton-root"
                disabled=""
                tabindex="-1"
                type="button"
              >
                <svg
                  aria-hidden="true"
                  class="MuiSvgIcon-root MuiSvgIcon-fontSizeMedium css-i4bv87-MuiSvgIcon-root"
                  data-testid="EditRoundedIcon"
                  focusable="false"
                  viewBox="0 0 24 24"
                >
                  <path
                    d="M3 17.46v3.04c0 .28.22.5.5.5h3.04c.13 0 .26-.05.35-.15L17.81 9.94l-3.75-3.75L3.15 17.1c-.1.1-.15.22-.15.36zM20.71 7.04c.39-.39.39-1.02 0-1.41l-2.34-2.34a.9959.9959 0 0 0-1.41 0l-1.83 1.83 3.75 3.75 1.83-1.83z"
                  />
                </svg>
              </button>
              <button
                class="MuiButtonBase-root MuiIconButton-root MuiIconButton-sizeSmall css-npdkjk-MuiButtonBase-root-MuiIconButton-root"
                tabindex="0"
                type="button"
              >
                <svg
                  aria-hidden="true"
                  class="MuiSvgIcon-root MuiSvgIcon-fontSizeMedium css-i4bv87-MuiSvgIcon-root"
                  data-testid="DeleteForeverRoundedIcon"
                  focusable="false"
                  viewBox="0 0 24 24"
                >
                  <path
                    d="M6 19c0 1.1.9 2 2 2h8c1.1 0 2-.9 2-2V7H6v12zm3.17-6.41a.9959.9959 0 0 1 0-1.41c.39-.39 1.02-.39 1.41 0L12 12.59l1.41-1.41c.39-.39 1.02-.39 1.41 0s.39 1.02 0 1.41L13.41 14l1.41 1.41c.39.39.39 1.02 0 1.41s-1.02.39-1.41 0L12 15.41l-1.41 1.41c-.39.39-1.02.39-1.41 0a.9959.9959 0 0 1 0-1.41L10.59 14l-1.42-1.41zM18 4h-2.5l-.71-.71c-.18-.18-.44-.29-.7-.29H9.91c-.26 0-.52.11-.7.29L8.5 4H6c-.55 0-1 .45-1 1s.45 1 1 1h12c.55 0 1-.45 1-1s-.45-1-1-1z"
                  />
                </svg>
                <span
                  class="MuiTouchRipple-root css-8je8zh-MuiTouchRipple-root"
                />
              </button>
            </div>
          </div>
          <div
            class="css-1mavqmw"
            draggable="true"
            style="background-color: inherit;"
          >
            <p>
              expense
               from 
            </p>
            <div
              class="css-1ub4dmn-MuiStack-root"
            >
              <span
                class="css-lhj5ms"
                color="expense"
              >
                -$534.00
              </span>
              <button
                class="MuiButtonBase-root Mui-disabled MuiIconButton-root Mui-disabled MuiIconButton-sizeSmall css-1pe4mpk-MuiButtonBase-root-MuiIconButton-root"
                disabled=""
                tabindex="-1"
                type="button"
              >
                <svg
                  aria-hidden="true"
                  class="MuiSvgIcon-root MuiSvgIcon-fontSizeMedium css-i4bv87-MuiSvgIcon-root"
                  data-testid="EditRoundedIcon"
                  focusable="false"
                  viewBox="0 0 24 24"
                >
                  <path
                    d="M3 17.46v3.04c0 .28.22.5.5.5h3.04c.13 0 .26-.05.35-.15L17.81 9.94l-3.75-3.75L3.15 17.1c-.1.1-.15.22-.15.36zM20.71 7.04c.39-.39.39-1.02 0-1.41l-2.34-2.34a.9959.9959 0 0 0-1.41 0l-1.83 1.83 3.75 3.75 1.83-1.83z"
                  />
                </svg>
              </button>
              <button
                class="MuiButtonBase-root MuiIconButton-root MuiIconButton-sizeSmall css-npdkjk-MuiButtonBase-root-MuiIconButton-root"
                tabindex="0"
                type="button"
              >
                <svg
                  aria-hidden="true"
                  class="MuiSvgIcon-root MuiSvgIcon-fontSizeMedium css-i4bv87-MuiSvgIcon-root"
                  data-testid="DeleteForeverRoundedIcon"
                  focusable="false"
                  viewBox="0 0 24 24"
                >
                  <path
                    d="M6 19c0 1.1.9 2 2 2h8c1.1 0 2-.9 2-2V7H6v12zm3.17-6.41a.9959.9959 0 0 1 0-1.41c.39-.39 1.02-.39 1.41 0L12 12.59l1.41-1.41c.39-.39 1.02-.39 1.41 0s.39 1.02 0 1.41L13.41 14l1.41 1.41c.39.39.39 1.02 0 1.41s-1.02.39-1.41 0L12 15.41l-1.41 1.41c-.39.39-1.02.39-1.41 0a.9959.9959 0 0 1 0-1.41L10.59 14l-1.42-1.41zM18 4h-2.5l-.71-.71c-.18-.18-.44-.29-.7-.29H9.91c-.26 0-.52.11-.7.29L8.5 4H6c-.55 0-1 .45-1 1s.45 1 1 1h12c.55 0 1-.45 1-1s-.45-1-1-1z"
                  />
                </svg>
                <span
                  class="MuiTouchRipple-root css-8je8zh-MuiTouchRipple-root"
                />
              </button>
            </div>
          </div>
          <div
            class="css-1mavqmw"
            draggable="true"
            style="background-color: inherit;"
          >
            <p>
              expense
               from 
            </p>
            <div
              class="css-1ub4dmn-MuiStack-root"
            >
              <span
                class="css-lhj5ms"
                color="expense"
              >
                -$3,454.00
              </span>
              <button
                class="MuiButtonBase-root Mui-disabled MuiIconButton-root Mui-disabled MuiIconButton-sizeSmall css-1pe4mpk-MuiButtonBase-root-MuiIconButton-root"
                disabled=""
                tabindex="-1"
                type="button"
              >
                <svg
                  aria-hidden="true"
                  class="MuiSvgIcon-root MuiSvgIcon-fontSizeMedium css-i4bv87-MuiSvgIcon-root"
                  data-testid="EditRoundedIcon"
                  focusable="false"
                  viewBox="0 0 24 24"
                >
                  <path
                    d="M3 17.46v3.04c0 .28.22.5.5.5h3.04c.13 0 .26-.05.35-.15L17.81 9.94l-3.75-3.75L3.15 17.1c-.1.1-.15.22-.15.36zM20.71 7.04c.39-.39.39-1.02 0-1.41l-2.34-2.34a.9959.9959 0 0 0-1.41 0l-1.83 1.83 3.75 3.75 1.83-1.83z"
                  />
                </svg>
              </button>
              <button
                class="MuiButtonBase-root MuiIconButton-root MuiIconButton-sizeSmall css-npdkjk-MuiButtonBase-root-MuiIconButton-root"
                tabindex="0"
                type="button"
              >
                <svg
                  aria-hidden="true"
                  class="MuiSvgIcon-root MuiSvgIcon-fontSizeMedium css-i4bv87-MuiSvgIcon-root"
                  data-testid="DeleteForeverRoundedIcon"
                  focusable="false"
                  viewBox="0 0 24 24"
                >
                  <path
                    d="M6 19c0 1.1.9 2 2 2h8c1.1 0 2-.9 2-2V7H6v12zm3.17-6.41a.9959.9959 0 0 1 0-1.41c.39-.39 1.02-.39 1.41 0L12 12.59l1.41-1.41c.39-.39 1.02-.39 1.41 0s.39 1.02 0 1.41L13.41 14l1.41 1.41c.39.39.39 1.02 0 1.41s-1.02.39-1.41 0L12 15.41l-1.41 1.41c-.39.39-1.02.39-1.41 0a.9959.9959 0 0 1 0-1.41L10.59 14l-1.42-1.41zM18 4h-2.5l-.71-.71c-.18-.18-.44-.29-.7-.29H9.91c-.26 0-.52.11-.7.29L8.5 4H6c-.55 0-1 .45-1 1s.45 1 1 1h12c.55 0 1-.45 1-1s-.45-1-1-1z"
                  />
                </svg>
                <span
                  class="MuiTouchRipple-root css-8je8zh-MuiTouchRipple-root"
                />
              </button>
            </div>
          </div>
          <div
            class="css-1mavqmw"
            draggable="true"
            style="background-color: inherit;"
          >
            <p>
              income
               from 
            </p>
            <div
              class="css-1ub4dmn-MuiStack-root"
            >
              <span
                class="css-81iyw9"
                color="income"
              >
                +$1,235.00
              </span>
              <button
                class="MuiButtonBase-root Mui-disabled MuiIconButton-root Mui-disabled MuiIconButton-sizeSmall css-1pe4mpk-MuiButtonBase-root-MuiIconButton-root"
                disabled=""
                tabindex="-1"
                type="button"
              >
                <svg
                  aria-hidden="true"
                  class="MuiSvgIcon-root MuiSvgIcon-fontSizeMedium css-i4bv87-MuiSvgIcon-root"
                  data-testid="EditRoundedIcon"
                  focusable="false"
                  viewBox="0 0 24 24"
                >
                  <path
                    d="M3 17.46v3.04c0 .28.22.5.5.5h3.04c.13 0 .26-.05.35-.15L17.81 9.94l-3.75-3.75L3.15 17.1c-.1.1-.15.22-.15.36zM20.71 7.04c.39-.39.39-1.02 0-1.41l-2.34-2.34a.9959.9959 0 0 0-1.41 0l-1.83 1.83 3.75 3.75 1.83-1.83z"
                  />
                </svg>
              </button>
              <button
                class="MuiButtonBase-root MuiIconButton-root MuiIconButton-sizeSmall css-npdkjk-MuiButtonBase-root-MuiIconButton-root"
                tabindex="0"
                type="button"
              >
                <svg
                  aria-hidden="true"
                  class="MuiSvgIcon-root MuiSvgIcon-fontSizeMedium css-i4bv87-MuiSvgIcon-root"
                  data-testid="DeleteForeverRoundedIcon"
                  focusable="false"
                  viewBox="0 0 24 24"
                >
                  <path
                    d="M6 19c0 1.1.9 2 2 2h8c1.1 0 2-.9 2-2V7H6v12zm3.17-6.41a.9959.9959 0 0 1 0-1.41c.39-.39 1.02-.39 1.41 0L12 12.59l1.41-1.41c.39-.39 1.02-.39 1.41 0s.39 1.02 0 1.41L13.41 14l1.41 1.41c.39.39.39 1.02 0 1.41s-1.02.39-1.41 0L12 15.41l-1.41 1.41c-.39.39-1.02.39-1.41 0a.9959.9959 0 0 1 0-1.41L10.59 14l-1.42-1.41zM18 4h-2.5l-.71-.71c-.18-.18-.44-.29-.7-.29H9.91c-.26 0-.52.11-.7.29L8.5 4H6c-.55 0-1 .45-1 1s.45 1 1 1h12c.55 0 1-.45 1-1s-.45-1-1-1z"
                  />
                </svg>
                <span
                  class="MuiTouchRipple-root css-8je8zh-MuiTouchRipple-root"
                />
              </button>
            </div>
          </div>
          <div
            class="css-1mavqmw"
            draggable="true"
            style="background-color: inherit;"
          >
            <p>
              expense
               from 
            </p>
            <div
              class="css-1ub4dmn-MuiStack-root"
            >
              <span
                class="css-lhj5ms"
                color="expense"
              >
                -$2,364.00
              </span>
              <button
                class="MuiButtonBase-root Mui-disabled MuiIconButton-root Mui-disabled MuiIconButton-sizeSmall css-1pe4mpk-MuiButtonBase-root-MuiIconButton-root"
                disabled=""
                tabindex="-1"
                type="button"
              >
                <svg
                  aria-hidden="true"
                  class="MuiSvgIcon-root MuiSvgIcon-fontSizeMedium css-i4bv87-MuiSvgIcon-root"
                  data-testid="EditRoundedIcon"
                  focusable="false"
                  viewBox="0 0 24 24"
                >
                  <path
                    d="M3 17.46v3.04c0 .28.22.5.5.5h3.04c.13 0 .26-.05.35-.15L17.81 9.94l-3.75-3.75L3.15 17.1c-.1.1-.15.22-.15.36zM20.71 7.04c.39-.39.39-1.02 0-1.41l-2.34-2.34a.9959.9959 0 0 0-1.41 0l-1.83 1.83 3.75 3.75 1.83-1.83z"
                  />
                </svg>
              </button>
              <button
                class="MuiButtonBase-root MuiIconButton-root MuiIconButton-sizeSmall css-npdkjk-MuiButtonBase-root-MuiIconButton-root"
                tabindex="0"
                type="button"
              >
                <svg
                  aria-hidden="true"
                  class="MuiSvgIcon-root MuiSvgIcon-fontSizeMedium css-i4bv87-MuiSvgIcon-root"
                  data-testid="DeleteForeverRoundedIcon"
                  focusable="false"
                  viewBox="0 0 24 24"
                >
                  <path
                    d="M6 19c0 1.1.9 2 2 2h8c1.1 0 2-.9 2-2V7H6v12zm3.17-6.41a.9959.9959 0 0 1 0-1.41c.39-.39 1.02-.39 1.41 0L12 12.59l1.41-1.41c.39-.39 1.02-.39 1.41 0s.39 1.02 0 1.41L13.41 14l1.41 1.41c.39.39.39 1.02 0 1.41s-1.02.39-1.41 0L12 15.41l-1.41 1.41c-.39.39-1.02.39-1.41 0a.9959.9959 0 0 1 0-1.41L10.59 14l-1.42-1.41zM18 4h-2.5l-.71-.71c-.18-.18-.44-.29-.7-.29H9.91c-.26 0-.52.11-.7.29L8.5 4H6c-.55 0-1 .45-1 1s.45 1 1 1h12c.55 0 1-.45 1-1s-.45-1-1-1z"
                  />
                </svg>
                <span
                  class="MuiTouchRipple-root css-8je8zh-MuiTouchRipple-root"
                />
              </button>
            </div>
          </div>
          <div
            class="css-1mavqmw"
            draggable="true"
            style="background-color: inherit;"
          >
            <p>
              expense
               from 
            </p>
            <div
              class="css-1ub4dmn-MuiStack-root"
            >
              <span
                class="css-lhj5ms"
                color="expense"
              >
                -$3,453.00
              </span>
              <button
                class="MuiButtonBase-root Mui-disabled MuiIconButton-root Mui-disabled MuiIconButton-sizeSmall css-1pe4mpk-MuiButtonBase-root-MuiIconButton-root"
                disabled=""
                tabindex="-1"
                type="button"
              >
                <svg
                  aria-hidden="true"
                  class="MuiSvgIcon-root MuiSvgIcon-fontSizeMedium css-i4bv87-MuiSvgIcon-root"
                  data-testid="EditRoundedIcon"
                  focusable="false"
                  viewBox="0 0 24 24"
                >
                  <path
                    d="M3 17.46v3.04c0 .28.22.5.5.5h3.04c.13 0 .26-.05.35-.15L17.81 9.94l-3.75-3.75L3.15 17.1c-.1.1-.15.22-.15.36zM20.71 7.04c.39-.39.39-1.02 0-1.41l-2.34-2.34a.9959.9959 0 0 0-1.41 0l-1.83 1.83 3.75 3.75 1.83-1.83z"
                  />
                </svg>
              </button>
              <button
                class="MuiButtonBase-root MuiIconButton-root MuiIconButton-sizeSmall css-npdkjk-MuiButtonBase-root-MuiIconButton-root"
                tabindex="0"
                type="button"
              >
                <svg
                  aria-hidden="true"
                  class="MuiSvgIcon-root MuiSvgIcon-fontSizeMedium css-i4bv87-MuiSvgIcon-root"
                  data-testid="DeleteForeverRoundedIcon"
                  focusable="false"
                  viewBox="0 0 24 24"
                >
                  <path
                    d="M6 19c0 1.1.9 2 2 2h8c1.1 0 2-.9 2-2V7H6v12zm3.17-6.41a.9959.9959 0 0 1 0-1.41c.39-.39 1.02-.39 1.41 0L12 12.59l1.41-1.41c.39-.39 1.02-.39 1.41 0s.39 1.02 0 1.41L13.41 14l1.41 1.41c.39.39.39 1.02 0 1.41s-1.02.39-1.41 0L12 15.41l-1.41 1.41c-.39.39-1.02.39-1.41 0a.9959.9959 0 0 1 0-1.41L10.59 14l-1.42-1.41zM18 4h-2.5l-.71-.71c-.18-.18-.44-.29-.7-.29H9.91c-.26 0-.52.11-.7.29L8.5 4H6c-.55 0-1 .45-1 1s.45 1 1 1h12c.55 0 1-.45 1-1s-.45-1-1-1z"
                  />
                </svg>
                <span
                  class="MuiTouchRipple-root css-8je8zh-MuiTouchRipple-root"
                />
              </button>
            </div>
          </div>
          <div
            class="css-1mavqmw"
            draggable="true"
            style="background-color: inherit;"
          >
            <p>
              income
               from 
            </p>
            <div
              class="css-1ub4dmn-MuiStack-root"
            >
              <span
                class="css-81iyw9"
                color="income"
              >
                +$2,642.00
              </span>
              <button
                class="MuiButtonBase-root Mui-disabled MuiIconButton-root Mui-disabled MuiIconButton-sizeSmall css-1pe4mpk-MuiButtonBase-root-MuiIconButton-root"
                disabled=""
                tabindex="-1"
                type="button"
              >
                <svg
                  aria-hidden="true"
                  class="MuiSvgIcon-root MuiSvgIcon-fontSizeMedium css-i4bv87-MuiSvgIcon-root"
                  data-testid="EditRoundedIcon"
                  focusable="false"
                  viewBox="0 0 24 24"
                >
                  <path
                    d="M3 17.46v3.04c0 .28.22.5.5.5h3.04c.13 0 .26-.05.35-.15L17.81 9.94l-3.75-3.75L3.15 17.1c-.1.1-.15.22-.15.36zM20.71 7.04c.39-.39.39-1.02 0-1.41l-2.34-2.34a.9959.9959 0 0 0-1.41 0l-1.83 1.83 3.75 3.75 1.83-1.83z"
                  />
                </svg>
              </button>
              <button
                class="MuiButtonBase-root MuiIconButton-root MuiIconButton-sizeSmall css-npdkjk-MuiButtonBase-root-MuiIconButton-root"
                tabindex="0"
                type="button"
              >
                <svg
                  aria-hidden="true"
                  class="MuiSvgIcon-root MuiSvgIcon-fontSizeMedium css-i4bv87-MuiSvgIcon-root"
                  data-testid="DeleteForeverRoundedIcon"
                  focusable="false"
                  viewBox="0 0 24 24"
                >
                  <path
                    d="M6 19c0 1.1.9 2 2 2h8c1.1 0 2-.9 2-2V7H6v12zm3.17-6.41a.9959.9959 0 0 1 0-1.41c.39-.39 1.02-.39 1.41 0L12 12.59l1.41-1.41c.39-.39 1.02-.39 1.41 0s.39 1.02 0 1.41L13.41 14l1.41 1.41c.39.39.39 1.02 0 1.41s-1.02.39-1.41 0L12 15.41l-1.41 1.41c-.39.39-1.02.39-1.41 0a.9959.9959 0 0 1 0-1.41L10.59 14l-1.42-1.41zM18 4h-2.5l-.71-.71c-.18-.18-.44-.29-.7-.29H9.91c-.26 0-.52.11-.7.29L8.5 4H6c-.55 0-1 .45-1 1s.45 1 1 1h12c.55 0 1-.45 1-1s-.45-1-1-1z"
                  />
                </svg>
                <span
                  class="MuiTouchRipple-root css-8je8zh-MuiTouchRipple-root"
                />
              </button>
            </div>
          </div>
          <div
            class="css-1mavqmw"
            draggable="true"
            style="background-color: inherit;"
          >
            <p>
              income
               from 
            </p>
            <div
              class="css-1ub4dmn-MuiStack-root"
            >
              <span
                class="css-81iyw9"
                color="income"
              >
                +$5,676.00
              </span>
              <button
                class="MuiButtonBase-root Mui-disabled MuiIconButton-root Mui-disabled MuiIconButton-sizeSmall css-1pe4mpk-MuiButtonBase-root-MuiIconButton-root"
                disabled=""
                tabindex="-1"
                type="button"
              >
                <svg
                  aria-hidden="true"
                  class="MuiSvgIcon-root MuiSvgIcon-fontSizeMedium css-i4bv87-MuiSvgIcon-root"
                  data-testid="EditRoundedIcon"
                  focusable="false"
                  viewBox="0 0 24 24"
                >
                  <path
                    d="M3 17.46v3.04c0 .28.22.5.5.5h3.04c.13 0 .26-.05.35-.15L17.81 9.94l-3.75-3.75L3.15 17.1c-.1.1-.15.22-.15.36zM20.71 7.04c.39-.39.39-1.02 0-1.41l-2.34-2.34a.9959.9959 0 0 0-1.41 0l-1.83 1.83 3.75 3.75 1.83-1.83z"
                  />
                </svg>
              </button>
              <button
                class="MuiButtonBase-root MuiIconButton-root MuiIconButton-sizeSmall css-npdkjk-MuiButtonBase-root-MuiIconButton-root"
                tabindex="0"
                type="button"
              >
                <svg
                  aria-hidden="true"
                  class="MuiSvgIcon-root MuiSvgIcon-fontSizeMedium css-i4bv87-MuiSvgIcon-root"
                  data-testid="DeleteForeverRoundedIcon"
                  focusable="false"
                  viewBox="0 0 24 24"
                >
                  <path
                    d="M6 19c0 1.1.9 2 2 2h8c1.1 0 2-.9 2-2V7H6v12zm3.17-6.41a.9959.9959 0 0 1 0-1.41c.39-.39 1.02-.39 1.41 0L12 12.59l1.41-1.41c.39-.39 1.02-.39 1.41 0s.39 1.02 0 1.41L13.41 14l1.41 1.41c.39.39.39 1.02 0 1.41s-1.02.39-1.41 0L12 15.41l-1.41 1.41c-.39.39-1.02.39-1.41 0a.9959.9959 0 0 1 0-1.41L10.59 14l-1.42-1.41zM18 4h-2.5l-.71-.71c-.18-.18-.44-.29-.7-.29H9.91c-.26 0-.52.11-.7.29L8.5 4H6c-.55 0-1 .45-1 1s.45 1 1 1h12c.55 0 1-.45 1-1s-.45-1-1-1z"
                  />
                </svg>
                <span
                  class="MuiTouchRipple-root css-8je8zh-MuiTouchRipple-root"
                />
              </button>
            </div>
          </div>
          <div
            class="css-1mavqmw"
            draggable="true"
            style="background-color: inherit;"
          >
            <p>
              income
               from 
            </p>
            <div
              class="css-1ub4dmn-MuiStack-root"
            >
              <span
                class="css-81iyw9"
                color="income"
              >
                +$5,676.00
              </span>
              <button
                class="MuiButtonBase-root Mui-disabled MuiIconButton-root Mui-disabled MuiIconButton-sizeSmall css-1pe4mpk-MuiButtonBase-root-MuiIconButton-root"
                disabled=""
                tabindex="-1"
                type="button"
              >
                <svg
                  aria-hidden="true"
                  class="MuiSvgIcon-root MuiSvgIcon-fontSizeMedium css-i4bv87-MuiSvgIcon-root"
                  data-testid="EditRoundedIcon"
                  focusable="false"
                  viewBox="0 0 24 24"
                >
                  <path
                    d="M3 17.46v3.04c0 .28.22.5.5.5h3.04c.13 0 .26-.05.35-.15L17.81 9.94l-3.75-3.75L3.15 17.1c-.1.1-.15.22-.15.36zM20.71 7.04c.39-.39.39-1.02 0-1.41l-2.34-2.34a.9959.9959 0 0 0-1.41 0l-1.83 1.83 3.75 3.75 1.83-1.83z"
                  />
                </svg>
              </button>
              <button
                class="MuiButtonBase-root MuiIconButton-root MuiIconButton-sizeSmall css-npdkjk-MuiButtonBase-root-MuiIconButton-root"
                tabindex="0"
                type="button"
              >
                <svg
                  aria-hidden="true"
                  class="MuiSvgIcon-root MuiSvgIcon-fontSizeMedium css-i4bv87-MuiSvgIcon-root"
                  data-testid="DeleteForeverRoundedIcon"
                  focusable="false"
                  viewBox="0 0 24 24"
                >
                  <path
                    d="M6 19c0 1.1.9 2 2 2h8c1.1 0 2-.9 2-2V7H6v12zm3.17-6.41a.9959.9959 0 0 1 0-1.41c.39-.39 1.02-.39 1.41 0L12 12.59l1.41-1.41c.39-.39 1.02-.39 1.41 0s.39 1.02 0 1.41L13.41 14l1.41 1.41c.39.39.39 1.02 0 1.41s-1.02.39-1.41 0L12 15.41l-1.41 1.41c-.39.39-1.02.39-1.41 0a.9959.9959 0 0 1 0-1.41L10.59 14l-1.42-1.41zM18 4h-2.5l-.71-.71c-.18-.18-.44-.29-.7-.29H9.91c-.26 0-.52.11-.7.29L8.5 4H6c-.55 0-1 .45-1 1s.45 1 1 1h12c.55 0 1-.45 1-1s-.45-1-1-1z"
                  />
                </svg>
                <span
                  class="MuiTouchRipple-root css-8je8zh-MuiTouchRipple-root"
                />
              </button>
            </div>
          </div>
          <div
            class="css-1mavqmw"
            draggable="true"
            style="background-color: inherit;"
          >
            <p>
              income
               from 
            </p>
            <div
              class="css-1ub4dmn-MuiStack-root"
            >
              <span
                class="css-81iyw9"
                color="income"
              >
                +$5,676.00
              </span>
              <button
                class="MuiButtonBase-root Mui-disabled MuiIconButton-root Mui-disabled MuiIconButton-sizeSmall css-1pe4mpk-MuiButtonBase-root-MuiIconButton-root"
                disabled=""
                tabindex="-1"
                type="button"
              >
                <svg
                  aria-hidden="true"
                  class="MuiSvgIcon-root MuiSvgIcon-fontSizeMedium css-i4bv87-MuiSvgIcon-root"
                  data-testid="EditRoundedIcon"
                  focusable="false"
                  viewBox="0 0 24 24"
                >
                  <path
                    d="M3 17.46v3.04c0 .28.22.5.5.5h3.04c.13 0 .26-.05.35-.15L17.81 9.94l-3.75-3.75L3.15 17.1c-.1.1-.15.22-.15.36zM20.71 7.04c.39-.39.39-1.02 0-1.41l-2.34-2.34a.9959.9959 0 0 0-1.41 0l-1.83 1.83 3.75 3.75 1.83-1.83z"
                  />
                </svg>
              </button>
              <button
                class="MuiButtonBase-root MuiIconButton-root MuiIconButton-sizeSmall css-npdkjk-MuiButtonBase-root-MuiIconButton-root"
                tabindex="0"
                type="button"
              >
                <svg
                  aria-hidden="true"
                  class="MuiSvgIcon-root MuiSvgIcon-fontSizeMedium css-i4bv87-MuiSvgIcon-root"
                  data-testid="DeleteForeverRoundedIcon"
                  focusable="false"
                  viewBox="0 0 24 24"
                >
                  <path
                    d="M6 19c0 1.1.9 2 2 2h8c1.1 0 2-.9 2-2V7H6v12zm3.17-6.41a.9959.9959 0 0 1 0-1.41c.39-.39 1.02-.39 1.41 0L12 12.59l1.41-1.41c.39-.39 1.02-.39 1.41 0s.39 1.02 0 1.41L13.41 14l1.41 1.41c.39.39.39 1.02 0 1.41s-1.02.39-1.41 0L12 15.41l-1.41 1.41c-.39.39-1.02.39-1.41 0a.9959.9959 0 0 1 0-1.41L10.59 14l-1.42-1.41zM18 4h-2.5l-.71-.71c-.18-.18-.44-.29-.7-.29H9.91c-.26 0-.52.11-.7.29L8.5 4H6c-.55 0-1 .45-1 1s.45 1 1 1h12c.55 0 1-.45 1-1s-.45-1-1-1z"
                  />
                </svg>
                <span
                  class="MuiTouchRipple-root css-8je8zh-MuiTouchRipple-root"
                />
              </button>
            </div>
          </div>
          <div
            class="css-1mavqmw"
            draggable="true"
            style="background-color: inherit;"
          >
            <p>
              income
               from 
            </p>
            <div
              class="css-1ub4dmn-MuiStack-root"
            >
              <span
                class="css-81iyw9"
                color="income"
              >
                +$5,676.00
              </span>
              <button
                class="MuiButtonBase-root Mui-disabled MuiIconButton-root Mui-disabled MuiIconButton-sizeSmall css-1pe4mpk-MuiButtonBase-root-MuiIconButton-root"
                disabled=""
                tabindex="-1"
                type="button"
              >
                <svg
                  aria-hidden="true"
                  class="MuiSvgIcon-root MuiSvgIcon-fontSizeMedium css-i4bv87-MuiSvgIcon-root"
                  data-testid="EditRoundedIcon"
                  focusable="false"
                  viewBox="0 0 24 24"
                >
                  <path
                    d="M3 17.46v3.04c0 .28.22.5.5.5h3.04c.13 0 .26-.05.35-.15L17.81 9.94l-3.75-3.75L3.15 17.1c-.1.1-.15.22-.15.36zM20.71 7.04c.39-.39.39-1.02 0-1.41l-2.34-2.34a.9959.9959 0 0 0-1.41 0l-1.83 1.83 3.75 3.75 1.83-1.83z"
                  />
                </svg>
              </button>
              <button
                class="MuiButtonBase-root MuiIconButton-root MuiIconButton-sizeSmall css-npdkjk-MuiButtonBase-root-MuiIconButton-root"
                tabindex="0"
                type="button"
              >
                <svg
                  aria-hidden="true"
                  class="MuiSvgIcon-root MuiSvgIcon-fontSizeMedium css-i4bv87-MuiSvgIcon-root"
                  data-testid="DeleteForeverRoundedIcon"
                  focusable="false"
                  viewBox="0 0 24 24"
                >
                  <path
                    d="M6 19c0 1.1.9 2 2 2h8c1.1 0 2-.9 2-2V7H6v12zm3.17-6.41a.9959.9959 0 0 1 0-1.41c.39-.39 1.02-.39 1.41 0L12 12.59l1.41-1.41c.39-.39 1.02-.39 1.41 0s.39 1.02 0 1.41L13.41 14l1.41 1.41c.39.39.39 1.02 0 1.41s-1.02.39-1.41 0L12 15.41l-1.41 1.41c-.39.39-1.02.39-1.41 0a.9959.9959 0 0 1 0-1.41L10.59 14l-1.42-1.41zM18 4h-2.5l-.71-.71c-.18-.18-.44-.29-.7-.29H9.91c-.26 0-.52.11-.7.29L8.5 4H6c-.55 0-1 .45-1 1s.45 1 1 1h12c.55 0 1-.45 1-1s-.45-1-1-1z"
                  />
                </svg>
                <span
                  class="MuiTouchRipple-root css-8je8zh-MuiTouchRipple-root"
                />
              </button>
            </div>
          </div>
          <div
            class="css-1mavqmw"
            draggable="true"
            style="background-color: inherit;"
          >
            <p>
              income
               from 
            </p>
            <div
              class="css-1ub4dmn-MuiStack-root"
            >
              <span
                class="css-81iyw9"
                color="income"
              >
                +$5,676.00
              </span>
              <button
                class="MuiButtonBase-root Mui-disabled MuiIconButton-root Mui-disabled MuiIconButton-sizeSmall css-1pe4mpk-MuiButtonBase-root-MuiIconButton-root"
                disabled=""
                tabindex="-1"
                type="button"
              >
                <svg
                  aria-hidden="true"
                  class="MuiSvgIcon-root MuiSvgIcon-fontSizeMedium css-i4bv87-MuiSvgIcon-root"
                  data-testid="EditRoundedIcon"
                  focusable="false"
                  viewBox="0 0 24 24"
                >
                  <path
                    d="M3 17.46v3.04c0 .28.22.5.5.5h3.04c.13 0 .26-.05.35-.15L17.81 9.94l-3.75-3.75L3.15 17.1c-.1.1-.15.22-.15.36zM20.71 7.04c.39-.39.39-1.02 0-1.41l-2.34-2.34a.9959.9959 0 0 0-1.41 0l-1.83 1.83 3.75 3.75 1.83-1.83z"
                  />
                </svg>
              </button>
              <button
                class="MuiButtonBase-root MuiIconButton-root MuiIconButton-sizeSmall css-npdkjk-MuiButtonBase-root-MuiIconButton-root"
                tabindex="0"
                type="button"
              >
                <svg
                  aria-hidden="true"
                  class="MuiSvgIcon-root MuiSvgIcon-fontSizeMedium css-i4bv87-MuiSvgIcon-root"
                  data-testid="DeleteForeverRoundedIcon"
                  focusable="false"
                  viewBox="0 0 24 24"
                >
                  <path
                    d="M6 19c0 1.1.9 2 2 2h8c1.1 0 2-.9 2-2V7H6v12zm3.17-6.41a.9959.9959 0 0 1 0-1.41c.39-.39 1.02-.39 1.41 0L12 12.59l1.41-1.41c.39-.39 1.02-.39 1.41 0s.39 1.02 0 1.41L13.41 14l1.41 1.41c.39.39.39 1.02 0 1.41s-1.02.39-1.41 0L12 15.41l-1.41 1.41c-.39.39-1.02.39-1.41 0a.9959.9959 0 0 1 0-1.41L10.59 14l-1.42-1.41zM18 4h-2.5l-.71-.71c-.18-.18-.44-.29-.7-.29H9.91c-.26 0-.52.11-.7.29L8.5 4H6c-.55 0-1 .45-1 1s.45 1 1 1h12c.55 0 1-.45 1-1s-.45-1-1-1z"
                  />
                </svg>
                <span
                  class="MuiTouchRipple-root css-8je8zh-MuiTouchRipple-root"
                />
              </button>
            </div>
          </div>
          <div
            class="css-1mavqmw"
            draggable="true"
            style="background-color: inherit;"
          >
            <p>
              income
               from 
            </p>
            <div
              class="css-1ub4dmn-MuiStack-root"
            >
              <span
                class="css-81iyw9"
                color="income"
              >
                +$5,676.00
              </span>
              <button
                class="MuiButtonBase-root Mui-disabled MuiIconButton-root Mui-disabled MuiIconButton-sizeSmall css-1pe4mpk-MuiButtonBase-root-MuiIconButton-root"
                disabled=""
                tabindex="-1"
                type="button"
              >
                <svg
                  aria-hidden="true"
                  class="MuiSvgIcon-root MuiSvgIcon-fontSizeMedium css-i4bv87-MuiSvgIcon-root"
                  data-testid="EditRoundedIcon"
                  focusable="false"
                  viewBox="0 0 24 24"
                >
                  <path
                    d="M3 17.46v3.04c0 .28.22.5.5.5h3.04c.13 0 .26-.05.35-.15L17.81 9.94l-3.75-3.75L3.15 17.1c-.1.1-.15.22-.15.36zM20.71 7.04c.39-.39.39-1.02 0-1.41l-2.34-2.34a.9959.9959 0 0 0-1.41 0l-1.83 1.83 3.75 3.75 1.83-1.83z"
                  />
                </svg>
              </button>
              <button
                class="MuiButtonBase-root MuiIconButton-root MuiIconButton-sizeSmall css-npdkjk-MuiButtonBase-root-MuiIconButton-root"
                tabindex="0"
                type="button"
              >
                <svg
                  aria-hidden="true"
                  class="MuiSvgIcon-root MuiSvgIcon-fontSizeMedium css-i4bv87-MuiSvgIcon-root"
                  data-testid="DeleteForeverRoundedIcon"
                  focusable="false"
                  viewBox="0 0 24 24"
                >
                  <path
                    d="M6 19c0 1.1.9 2 2 2h8c1.1 0 2-.9 2-2V7H6v12zm3.17-6.41a.9959.9959 0 0 1 0-1.41c.39-.39 1.02-.39 1.41 0L12 12.59l1.41-1.41c.39-.39 1.02-.39 1.41 0s.39 1.02 0 1.41L13.41 14l1.41 1.41c.39.39.39 1.02 0 1.41s-1.02.39-1.41 0L12 15.41l-1.41 1.41c-.39.39-1.02.39-1.41 0a.9959.9959 0 0 1 0-1.41L10.59 14l-1.42-1.41zM18 4h-2.5l-.71-.71c-.18-.18-.44-.29-.7-.29H9.91c-.26 0-.52.11-.7.29L8.5 4H6c-.55 0-1 .45-1 1s.45 1 1 1h12c.55 0 1-.45 1-1s-.45-1-1-1z"
                  />
                </svg>
                <span
                  class="MuiTouchRipple-root css-8je8zh-MuiTouchRipple-root"
                />
              </button>
            </div>
          </div>
          <div
            class="css-1mavqmw"
            draggable="true"
            style="background-color: inherit;"
          >
            <p>
              income
               from 
            </p>
            <div
              class="css-1ub4dmn-MuiStack-root"
            >
              <span
                class="css-81iyw9"
                color="income"
              >
                +$5,676.00
              </span>
              <button
                class="MuiButtonBase-root Mui-disabled MuiIconButton-root Mui-disabled MuiIconButton-sizeSmall css-1pe4mpk-MuiButtonBase-root-MuiIconButton-root"
                disabled=""
                tabindex="-1"
                type="button"
              >
                <svg
                  aria-hidden="true"
                  class="MuiSvgIcon-root MuiSvgIcon-fontSizeMedium css-i4bv87-MuiSvgIcon-root"
                  data-testid="EditRoundedIcon"
                  focusable="false"
                  viewBox="0 0 24 24"
                >
                  <path
                    d="M3 17.46v3.04c0 .28.22.5.5.5h3.04c.13 0 .26-.05.35-.15L17.81 9.94l-3.75-3.75L3.15 17.1c-.1.1-.15.22-.15.36zM20.71 7.04c.39-.39.39-1.02 0-1.41l-2.34-2.34a.9959.9959 0 0 0-1.41 0l-1.83 1.83 3.75 3.75 1.83-1.83z"
                  />
                </svg>
              </button>
              <button
                class="MuiButtonBase-root MuiIconButton-root MuiIconButton-sizeSmall css-npdkjk-MuiButtonBase-root-MuiIconButton-root"
                tabindex="0"
                type="button"
              >
                <svg
                  aria-hidden="true"
                  class="MuiSvgIcon-root MuiSvgIcon-fontSizeMedium css-i4bv87-MuiSvgIcon-root"
                  data-testid="DeleteForeverRoundedIcon"
                  focusable="false"
                  viewBox="0 0 24 24"
                >
                  <path
                    d="M6 19c0 1.1.9 2 2 2h8c1.1 0 2-.9 2-2V7H6v12zm3.17-6.41a.9959.9959 0 0 1 0-1.41c.39-.39 1.02-.39 1.41 0L12 12.59l1.41-1.41c.39-.39 1.02-.39 1.41 0s.39 1.02 0 1.41L13.41 14l1.41 1.41c.39.39.39 1.02 0 1.41s-1.02.39-1.41 0L12 15.41l-1.41 1.41c-.39.39-1.02.39-1.41 0a.9959.9959 0 0 1 0-1.41L10.59 14l-1.42-1.41zM18 4h-2.5l-.71-.71c-.18-.18-.44-.29-.7-.29H9.91c-.26 0-.52.11-.7.29L8.5 4H6c-.55 0-1 .45-1 1s.45 1 1 1h12c.55 0 1-.45 1-1s-.45-1-1-1z"
                  />
                </svg>
                <span
                  class="MuiTouchRipple-root css-8je8zh-MuiTouchRipple-root"
                />
              </button>
            </div>
          </div>
          <div
            class="css-1mavqmw"
            draggable="true"
            style="background-color: inherit;"
          >
            <p>
              income
               from 
            </p>
            <div
              class="css-1ub4dmn-MuiStack-root"
            >
              <span
                class="css-81iyw9"
                color="income"
              >
                +$5,676.00
              </span>
              <button
                class="MuiButtonBase-root Mui-disabled MuiIconButton-root Mui-disabled MuiIconButton-sizeSmall css-1pe4mpk-MuiButtonBase-root-MuiIconButton-root"
                disabled=""
                tabindex="-1"
                type="button"
              >
                <svg
                  aria-hidden="true"
                  class="MuiSvgIcon-root MuiSvgIcon-fontSizeMedium css-i4bv87-MuiSvgIcon-root"
                  data-testid="EditRoundedIcon"
                  focusable="false"
                  viewBox="0 0 24 24"
                >
                  <path
                    d="M3 17.46v3.04c0 .28.22.5.5.5h3.04c.13 0 .26-.05.35-.15L17.81 9.94l-3.75-3.75L3.15 17.1c-.1.1-.15.22-.15.36zM20.71 7.04c.39-.39.39-1.02 0-1.41l-2.34-2.34a.9959.9959 0 0 0-1.41 0l-1.83 1.83 3.75 3.75 1.83-1.83z"
                  />
                </svg>
              </button>
              <button
                class="MuiButtonBase-root MuiIconButton-root MuiIconButton-sizeSmall css-npdkjk-MuiButtonBase-root-MuiIconButton-root"
                tabindex="0"
                type="button"
              >
                <svg
                  aria-hidden="true"
                  class="MuiSvgIcon-root MuiSvgIcon-fontSizeMedium css-i4bv87-MuiSvgIcon-root"
                  data-testid="DeleteForeverRoundedIcon"
                  focusable="false"
                  viewBox="0 0 24 24"
                >
                  <path
                    d="M6 19c0 1.1.9 2 2 2h8c1.1 0 2-.9 2-2V7H6v12zm3.17-6.41a.9959.9959 0 0 1 0-1.41c.39-.39 1.02-.39 1.41 0L12 12.59l1.41-1.41c.39-.39 1.02-.39 1.41 0s.39 1.02 0 1.41L13.41 14l1.41 1.41c.39.39.39 1.02 0 1.41s-1.02.39-1.41 0L12 15.41l-1.41 1.41c-.39.39-1.02.39-1.41 0a.9959.9959 0 0 1 0-1.41L10.59 14l-1.42-1.41zM18 4h-2.5l-.71-.71c-.18-.18-.44-.29-.7-.29H9.91c-.26 0-.52.11-.7.29L8.5 4H6c-.55 0-1 .45-1 1s.45 1 1 1h12c.55 0 1-.45 1-1s-.45-1-1-1z"
                  />
                </svg>
                <span
                  class="MuiTouchRipple-root css-8je8zh-MuiTouchRipple-root"
                />
              </button>
            </div>
          </div>
        </div>
        <div
          class="css-142vajq-MuiStack-root"
        >
          <nav
            aria-label="pagination navigation"
            class="MuiPagination-root MuiPagination-outlined css-oqcxxb-MuiPagination-root"
          >
            <ul
              class="MuiPagination-ul css-wjh20t-MuiPagination-ul"
            >
              <li>
                <button
                  aria-label="Go to previous page"
                  class="MuiButtonBase-root Mui-disabled MuiPaginationItem-root MuiPaginationItem-sizeSmall MuiPaginationItem-outlined MuiPaginationItem-rounded MuiPaginationItem-outlinedPrimary Mui-disabled MuiPaginationItem-previousNext css-evpp5f-MuiButtonBase-root-MuiPaginationItem-root"
                  disabled=""
                  tabindex="-1"
                  type="button"
                >
                  <svg
                    aria-hidden="true"
                    class="MuiSvgIcon-root MuiSvgIcon-fontSizeMedium MuiPaginationItem-icon css-tnzq9a-MuiSvgIcon-root-MuiPaginationItem-icon"
                    data-testid="NavigateBeforeIcon"
                    focusable="false"
                    viewBox="0 0 24 24"
                  >
                    <path
                      d="M15.41 7.41L14 6l-6 6 6 6 1.41-1.41L10.83 12z"
                    />
                  </svg>
                </button>
              </li>
              <li>
                <button
                  aria-current="true"
                  aria-label="page 1"
                  class="MuiButtonBase-root MuiPaginationItem-root MuiPaginationItem-sizeSmall MuiPaginationItem-outlined MuiPaginationItem-rounded MuiPaginationItem-outlinedPrimary Mui-selected MuiPaginationItem-page css-evpp5f-MuiButtonBase-root-MuiPaginationItem-root"
                  tabindex="0"
                  type="button"
                >
                  1
                  <span
                    class="MuiTouchRipple-root css-8je8zh-MuiTouchRipple-root"
                  />
                </button>
              </li>
              <li>
                <button
                  aria-label="Go to page 2"
                  class="MuiButtonBase-root MuiPaginationItem-root MuiPaginationItem-sizeSmall MuiPaginationItem-outlined MuiPaginationItem-rounded MuiPaginationItem-outlinedPrimary MuiPaginationItem-page css-evpp5f-MuiButtonBase-root-MuiPaginationItem-root"
                  tabindex="0"
                  type="button"
                >
                  2
                  <span
                    class="MuiTouchRipple-root css-8je8zh-MuiTouchRipple-root"
                  />
                </button>
              </li>
              <li>
                <button
                  aria-label="Go to page 3"
                  class="MuiButtonBase-root MuiPaginationItem-root MuiPaginationItem-sizeSmall MuiPaginationItem-outlined MuiPaginationItem-rounded MuiPaginationItem-outlinedPrimary MuiPaginationItem-page css-evpp5f-MuiButtonBase-root-MuiPaginationItem-root"
                  tabindex="0"
                  type="button"
                >
                  3
                  <span
                    class="MuiTouchRipple-root css-8je8zh-MuiTouchRipple-root"
                  />
                </button>
              </li>
              <li>
                <button
                  aria-label="Go to page 4"
                  class="MuiButtonBase-root MuiPaginationItem-root MuiPaginationItem-sizeSmall MuiPaginationItem-outlined MuiPaginationItem-rounded MuiPaginationItem-outlinedPrimary MuiPaginationItem-page css-evpp5f-MuiButtonBase-root-MuiPaginationItem-root"
                  tabindex="0"
                  type="button"
                >
                  4
                  <span
                    class="MuiTouchRipple-root css-8je8zh-MuiTouchRipple-root"
                  />
                </button>
              </li>
              <li>
                <button
                  aria-label="Go to page 5"
                  class="MuiButtonBase-root MuiPaginationItem-root MuiPaginationItem-sizeSmall MuiPaginationItem-outlined MuiPaginationItem-rounded MuiPaginationItem-outlinedPrimary MuiPaginationItem-page css-evpp5f-MuiButtonBase-root-MuiPaginationItem-root"
                  tabindex="0"
                  type="button"
                >
                  5
                  <span
                    class="MuiTouchRipple-root css-8je8zh-MuiTouchRipple-root"
                  />
                </button>
              </li>
              <li>
                <div
                  class="MuiPaginationItem-root MuiPaginationItem-sizeSmall MuiPaginationItem-outlined MuiPaginationItem-rounded MuiPaginationItem-outlinedPrimary MuiPaginationItem-ellipsis css-1hfyor7-MuiPaginationItem-root"
                >
                  …
                </div>
              </li>
              <li>
                <button
                  aria-label="Go to page 10000"
                  class="MuiButtonBase-root MuiPaginationItem-root MuiPaginationItem-sizeSmall MuiPaginationItem-outlined MuiPaginationItem-rounded MuiPaginationItem-outlinedPrimary MuiPaginationItem-page css-evpp5f-MuiButtonBase-root-MuiPaginationItem-root"
                  tabindex="0"
                  type="button"
                >
                  10000
                  <span
                    class="MuiTouchRipple-root css-8je8zh-MuiTouchRipple-root"
                  />
                </button>
              </li>
              <li>
                <button
                  aria-label="Go to next page"
                  class="MuiButtonBase-root MuiPaginationItem-root MuiPaginationItem-sizeSmall MuiPaginationItem-outlined MuiPaginationItem-rounded MuiPaginationItem-outlinedPrimary MuiPaginationItem-previousNext css-evpp5f-MuiButtonBase-root-MuiPaginationItem-root"
                  tabindex="0"
                  type="button"
                >
                  <svg
                    aria-hidden="true"
                    class="MuiSvgIcon-root MuiSvgIcon-fontSizeMedium MuiPaginationItem-icon css-tnzq9a-MuiSvgIcon-root-MuiPaginationItem-icon"
                    data-testid="NavigateNextIcon"
                    focusable="false"
                    viewBox="0 0 24 24"
                  >
                    <path
                      d="M10 6L8.59 7.41 13.17 12l-4.58 4.59L10 18l6-6z"
                    />
                  </svg>
                  <span
                    class="MuiTouchRipple-root css-8je8zh-MuiTouchRipple-root"
                  />
                </button>
              </li>
            </ul>
          </nav>
        </div>
      </div>
    </div>
  </div>
</body>
`;
