// Jest Snapshot v1, https://goo.gl/fbAQLP

exports[`Profile page make snapshot 1`] = `
<body>
  <div>
    <div
      class="MuiContainer-root MuiContainer-maxWidthLg css-1oqqzyl-MuiContainer-root"
    >
      <div
        class="css-o6fnr7"
      >
        <h1
          class="css-15poin4"
        >
          Profile page
        </h1>
        <button
          aria-label="Change avatar"
          class="MuiButtonBase-root MuiIconButton-root MuiIconButton-sizeMedium css-182b1n7-MuiButtonBase-root-MuiIconButton-root"
          data-mui-internal-clone-element="true"
          tabindex="0"
          type="button"
        >
          <div
            class="MuiAvatar-root MuiAvatar-circular MuiAvatar-colorDefault css-1n3lyxl-MuiAvatar-root"
          >
            <svg
              aria-hidden="true"
              class="MuiSvgIcon-root MuiSvgIcon-fontSizeMedium MuiAvatar-fallback css-10mi8st-MuiSvgIcon-root-MuiAvatar-fallback"
              data-testid="PersonIcon"
              focusable="false"
              viewBox="0 0 24 24"
            >
              <path
                d="M12 12c2.21 0 4-1.79 4-4s-1.79-4-4-4-4 1.79-4 4 1.79 4 4 4zm0 2c-2.67 0-8 1.34-8 4v2h16v-2c0-2.66-5.33-4-8-4z"
              />
            </svg>
          </div>
          <span
            class="MuiTouchRipple-root css-8je8zh-MuiTouchRipple-root"
          />
        </button>
        <form
          action="#"
          style="width: 100%; max-width: 300px;"
        >
          <div
            class="css-acwcvw"
          >
            <label
              class="css-zkehil"
              for="firstName"
            >
              First name
            </label>
            <input
              class="css-1pabijg"
              disabled=""
              id="firstName"
              name="firstName"
              type="text"
              value=""
            />
            <p
              class="css-1ghz2lr"
            />
          </div>
          <div
            class="css-acwcvw"
          >
            <label
              class="css-zkehil"
              for="lastName"
            >
              Last name
            </label>
            <input
              class="css-1pabijg"
              disabled=""
              id="lastName"
              name="lastName"
              type="text"
              value=""
            />
            <p
              class="css-1ghz2lr"
            />
          </div>
          <div
            class="css-acwcvw"
          >
            <label
              class="css-zkehil"
              for="email"
            >
              Email
            </label>
            <input
              class="css-1pabijg"
              disabled=""
              id="email"
              name="email"
              type="text"
              value=""
            />
            <p
              class="css-1ghz2lr"
            />
          </div>
          <button
            class="css-1pohnbb"
            color="secondary"
            style="margin-bottom: 1rem;"
            type="button"
          >
            Change password
          </button>
          <div
            class="css-1ijwswz"
          >
            <button
              class="css-2thluw"
              color="primary"
              type="button"
            >
              Edit
            </button>
          </div>
        </form>
      </div>
    </div>
  </div>
  <div>
    <div
      class="MuiContainer-root MuiContainer-maxWidthLg css-1oqqzyl-MuiContainer-root"
    >
      <div
        class="css-o6fnr7"
      >
        <h1
          class="css-15poin4"
        >
          Profile page
        </h1>
        <button
          aria-label="Change avatar"
          class="MuiButtonBase-root MuiIconButton-root MuiIconButton-sizeMedium css-182b1n7-MuiButtonBase-root-MuiIconButton-root"
          data-mui-internal-clone-element="true"
          tabindex="0"
          type="button"
        >
          <div
            class="MuiAvatar-root MuiAvatar-circular MuiAvatar-colorDefault css-1n3lyxl-MuiAvatar-root"
          >
            <svg
              aria-hidden="true"
              class="MuiSvgIcon-root MuiSvgIcon-fontSizeMedium MuiAvatar-fallback css-10mi8st-MuiSvgIcon-root-MuiAvatar-fallback"
              data-testid="PersonIcon"
              focusable="false"
              viewBox="0 0 24 24"
            >
              <path
                d="M12 12c2.21 0 4-1.79 4-4s-1.79-4-4-4-4 1.79-4 4 1.79 4 4 4zm0 2c-2.67 0-8 1.34-8 4v2h16v-2c0-2.66-5.33-4-8-4z"
              />
            </svg>
          </div>
          <span
            class="MuiTouchRipple-root css-8je8zh-MuiTouchRipple-root"
          />
        </button>
        <div
          class="css-1o348tf"
        >
          <span
            class="MuiCircularProgress-root MuiCircularProgress-indeterminate MuiCircularProgress-colorPrimary css-18lrjg1-MuiCircularProgress-root"
            role="progressbar"
            style="width: 40px; height: 40px;"
          >
            <svg
              class="MuiCircularProgress-svg css-1idz92c-MuiCircularProgress-svg"
              viewBox="22 22 44 44"
            >
              <circle
                class="MuiCircularProgress-circle MuiCircularProgress-circleIndeterminate css-176wh8e-MuiCircularProgress-circle"
                cx="44"
                cy="44"
                fill="none"
                r="20.2"
                stroke-width="3.6"
              />
            </svg>
          </span>
        </div>
      </div>
    </div>
  </div>
</body>
`;
