// Jest Snapshot v1, https://goo.gl/fbAQLP

exports[`Profile page snapshot matching 1`] = `
<body>
  <div>
    <div
      class="MuiContainer-root MuiContainer-maxWidthLg css-1oqqzyl-MuiContainer-root"
    >
      <div
        class="css-o6fnr7"
      >
        <h1
          class="css-15poin4"
        >
          Profile page
        </h1>
        <span
          class="MuiSkeleton-root MuiSkeleton-circular MuiSkeleton-pulse css-fomgco-MuiSkeleton-root"
          style="width: 200px; height: 200px;"
        />
        <div
          class="css-1o348tf"
        >
          <span
            class="MuiCircularProgress-root MuiCircularProgress-indeterminate MuiCircularProgress-colorPrimary css-18lrjg1-MuiCircularProgress-root"
            role="progressbar"
            style="width: 40px; height: 40px;"
          >
            <svg
              class="MuiCircularProgress-svg css-1idz92c-MuiCircularProgress-svg"
              viewBox="22 22 44 44"
            >
              <circle
                class="MuiCircularProgress-circle MuiCircularProgress-circleIndeterminate css-176wh8e-MuiCircularProgress-circle"
                cx="44"
                cy="44"
                fill="none"
                r="20.2"
                stroke-width="3.6"
              />
            </svg>
          </span>
        </div>
      </div>
    </div>
  </div>
</body>
`;
