// Jest Snapshot v1, https://goo.gl/fbAQLP

exports[`Not found component make snapshot 1`] = `
<body>
  <div>
    <div
      class="MuiContainer-root MuiContainer-maxWidthLg css-1oqqzyl-MuiContainer-root"
    >
      <div
        class="css-1v06gii"
      >
        <h1
          class="css-15poin4"
        >
          Page not found
        </h1>
        <img
          alt="Page not found"
          src="page-not-found.png"
        />
        <a
          class="MuiButton-root MuiButton-contained MuiButton-containedSuccess MuiButton-sizeMedium MuiButton-containedSizeMedium MuiButtonBase-root btn css-sj6h5v-MuiButtonBase-root-MuiButton-root"
          href="/"
          tabindex="0"
        >
          Come back
          <span
            class="MuiTouchRipple-root css-8je8zh-MuiTouchRipple-root"
          />
        </a>
      </div>
    </div>
  </div>
</body>
`;
